
> genaiidxfrontend@0.1.0 dev
> next dev

   ▲ Next.js 16.0.10 (Turbopack)
   - Local:         http://localhost:3000
   - Network:       http://10.227.123.246:3000

 ✓ Starting...
[baseline-browser-mapping] The data in this module is over two months old.  To ensure accurate Baseline data, please update: `npm i baseline-browser-mapping@latest -D`
 ✓ Ready in 1911ms
 ○ Compiling /dashboard ...
 GET /dashboard 200 in 6.7s (compile: 5.9s, render: 876ms)
 ✓ Compiled in 239ms
 ✓ Compiled in 151ms
 GET /dashboard 200 in 599ms (compile: 146ms, render: 453ms)
 ✓ Compiled in 322ms
 ✓ Compiled in 162ms
 ✓ Compiled in 129ms
 GET /dashboard 200 in 570ms (compile: 136ms, render: 434ms)
 ✓ Compiled in 137ms
 ✓ Compiled in 199ms
 ✓ Compiled in 186ms
 ✓ Compiled in 122ms
 GET /dashboard 200 in 555ms (compile: 130ms, render: 426ms)
 ✓ Compiled in 156ms
 ✓ Compiled in 253ms
 GET /dashboard 200 in 561ms (compile: 132ms, render: 430ms)
 GET /dashboard 200 in 148ms (compile: 10ms, render: 138ms)
 ✓ Compiled in 215ms
 ✓ Compiled in 137ms
 GET /dashboard 200 in 581ms (compile: 141ms, render: 440ms)
 ✓ Compiled in 465ms
 GET /dashboard 200 in 560ms (compile: 131ms, render: 429ms)
 ✓ Compiled in 130ms
 ✓ Compiled in 184ms
 GET /dashboard 200 in 564ms (compile: 133ms, render: 430ms)
 GET /dashboard 200 in 152ms (compile: 12ms, render: 141ms)
 ✓ Compiled in 231ms
 GET /dashboard 200 in 545ms (compile: 125ms, render: 420ms)
 GET /dashboard 200 in 145ms (compile: 9ms, render: 136ms)
 ✓ Compiled in 189ms
 ✓ Compiled in 177ms
 GET /dashboard 200 in 577ms (compile: 143ms, render: 434ms)
 GET /dashboard 200 in 85ms (compile: 5ms, render: 79ms)
 GET /dashboard 200 in 148ms (compile: 8ms, render: 140ms)
 GET /dashboard 200 in 126ms (compile: 6ms, render: 121ms)
 GET /dashboard 200 in 146ms (compile: 8ms, render: 139ms)
 GET /dashboard 200 in 141ms (compile: 7ms, render: 134ms)
 GET /dashboard 200 in 170ms (compile: 9ms, render: 161ms)
 GET /dashboard 200 in 253ms (compile: 18ms, render: 235ms)
